{
  "candidate": "scene-candidates/813abb1e43f28ec0d24159157e26cbef70b31e6c062cf3018265db2a13c57c0c.json",
  "sha256": "813abb1e43f28ec0d24159157e26cbef70b31e6c062cf3018265db2a13c57c0c",
  "sceneCount": 20,
  "objectCount": 160,
  "artworkObjectCount": 140,
  "citySpecs": {
    "sydney": {
      "path": "city-specs/5f8b9c2b0dd296adf5e8ae1823024a7d8c1abe5a2bbacab68b0fcc3c4c7ed77a.json",
      "sha256": "5f8b9c2b0dd296adf5e8ae1823024a7d8c1abe5a2bbacab68b0fcc3c4c7ed77a",
      "bytes": 1389787
    }
  },
  "missingLevelIds": [
    1,
    2,
    3,
    4,
    5,
    6,
    7,
    8,
    9,
    10,
    11,
    12,
    13,
    14,
    15,
    16,
    17,
    18,
    19,
    20,
    21,
    22,
    23,
    24,
    25,
    26,
    27,
    28,
    29,
    30,
    31,
    32,
    33,
    34,
    35,
    36,
    37,
    38,
    39,
    40,
    41,
    42,
    43,
    44,
    45,
    46,
    47,
    48,
    49,
    50,
    51,
    52,
    53,
    54,
    55,
    56,
    57,
    58,
    59,
    60,
    61,
    62,
    63,
    64,
    65,
    66,
    67,
    68,
    69,
    70,
    71,
    72,
    73,
    74,
    75,
    76,
    77,
    78,
    79,
    80,
    101,
    102,
    103,
    104,
    105,
    106,
    107,
    108,
    109,
    110,
    111,
    112,
    113,
    114,
    115,
    116,
    117,
    118,
    119,
    120
  ],
  "unverifiedAdjacentPairs": [],
  "requiresVisualReview": true
}
